add<int>(int, int) | tests/foo.cpp | 2
add(int) | tests/foo.cpp | 7
A<double>::foo(double) | tests/foo.cpp | 16
A<double>::bar(double) | tests/foo.cpp | 17
A<char>::bar(char) | tests/foo.cpp | 17
A<char>::A() | tests/foo.cpp | 14
A<int>::foo(int) | tests/foo.cpp | 16
toto(const A<double> &) | tests/foo.cpp | 20
B::B() | tests/foo.cpp | 29
B::oof<char>(float, A<char> &) | tests/foo.cpp | 33
C<char, int>::C() | tests/foo.cpp | 43
C<short, long>::C() | tests/foo.cpp | 37
main(int, char **) | tests/foo.cpp | 49
